{
  "version": "1.5.0",
  "plugins_used": [
    {
      "name": "ArtifactoryDetector"
    },
    {
      "name": "AWSKeyDetector"
    },
    {
      "name": "AzureStorageKeyDetector"
    },
    {
      "name": "Base64HighEntropyString",
      "limit": 4.5
    },
    {
      "name": "BasicAuthDetector"
    },
    {
      "name": "CloudantDetector"
    },
    {
      "name": "DiscordBotTokenDetector"
    },
    {
      "name": "GitHubTokenDetector"
    },
    {
      "name": "GitLabTokenDetector"
    },
    {
      "name": "HexHighEntropyString",
      "limit": 3.0
    },
    {
      "name": "IbmCloudIamDetector"
    },
    {
      "name": "IbmCosHmacDetector"
    },
    {
      "name": "IPPublicDetector"
    },
    {
      "name": "JwtTokenDetector"
    },
    {
      "name": "KeywordDetector",
      "keyword_exclude": ""
    },
    {
      "name": "MailchimpDetector"
    },
    {
      "name": "NpmDetector"
    },
    {
      "name": "OpenAIDetector"
    },
    {
      "name": "PrivateKeyDetector"
    },
    {
      "name": "PypiTokenDetector"
    },
    {
      "name": "SendGridDetector"
    },
    {
      "name": "SlackDetector"
    },
    {
      "name": "SoftlayerDetector"
    },
    {
      "name": "SquareOAuthDetector"
    },
    {
      "name": "StripeDetector"
    },
    {
      "name": "TelegramBotTokenDetector"
    },
    {
      "name": "TwilioKeyDetector"
    }
  ],
  "filters_used": [
    {
      "path": "detect_secrets.filters.allowlist.is_line_allowlisted"
    },
    {
      "path": "detect_secrets.filters.common.is_baseline_file",
      "filename": ".secrets.baseline"
    },
    {
      "path": "detect_secrets.filters.common.is_ignored_due_to_verification_policies",
      "min_level": 2
    },
    {
      "path": "detect_secrets.filters.heuristic.is_indirect_reference"
    },
    {
      "path": "detect_secrets.filters.heuristic.is_likely_id_string"
    },
    {
      "path": "detect_secrets.filters.heuristic.is_lock_file"
    },
    {
      "path": "detect_secrets.filters.heuristic.is_not_alphanumeric_string"
    },
    {
      "path": "detect_secrets.filters.heuristic.is_potential_uuid"
    },
    {
      "path": "detect_secrets.filters.heuristic.is_prefixed_with_dollar_sign"
    },
    {
      "path": "detect_secrets.filters.heuristic.is_sequential_string"
    },
    {
      "path": "detect_secrets.filters.heuristic.is_swagger_file"
    },
    {
      "path": "detect_secrets.filters.heuristic.is_templated_secret"
    }
  ],
  "results": {
    ".github\\workflows\\beam.yml": [
      {
        "type": "Secret Keyword",
        "filename": ".github\\workflows\\beam.yml",
        "hashed_secret": "2e705d3289b464962029423983524424bf8f8d82",
        "is_verified": false,
        "line_number": 16
      }
    ],
    ".github\\workflows\\ci.yml": [
      {
        "type": "Secret Keyword",
        "filename": ".github\\workflows\\ci.yml",
        "hashed_secret": "2e705d3289b464962029423983524424bf8f8d82",
        "is_verified": false,
        "line_number": 36
      }
    ],
    ".github\\workflows\\release.yml": [
      {
        "type": "Secret Keyword",
        "filename": ".github\\workflows\\release.yml",
        "hashed_secret": "2e705d3289b464962029423983524424bf8f8d82",
        "is_verified": false,
        "line_number": 46
      }
    ],
    "beam\\apps\\dg_domain\\lib\\decision_graph\\domain\\validation.ex": [
      {
        "type": "Private Key",
        "filename": "beam\\apps\\dg_domain\\lib\\decision_graph\\domain\\validation.ex",
        "hashed_secret": "1348b145fa1a555461c1b790a2f66614781091e9",
        "is_verified": false,
        "line_number": 23
      },
      {
        "type": "Private Key",
        "filename": "beam\\apps\\dg_domain\\lib\\decision_graph\\domain\\validation.ex",
        "hashed_secret": "be4fc4886bd949b369d5e092eb87494f12e57e5b",
        "is_verified": false,
        "line_number": 24
      },
      {
        "type": "Private Key",
        "filename": "beam\\apps\\dg_domain\\lib\\decision_graph\\domain\\validation.ex",
        "hashed_secret": "f0778f3e140a61d5bbbed5430773e52af2f5fba4",
        "is_verified": false,
        "line_number": 25
      },
      {
        "type": "Private Key",
        "filename": "beam\\apps\\dg_domain\\lib\\decision_graph\\domain\\validation.ex",
        "hashed_secret": "27c6929aef41ae2bcadac15ca6abcaff72cda9cd",
        "is_verified": false,
        "line_number": 26
      }
    ],
    "beam\\config\\dev.exs": [
      {
        "type": "Secret Keyword",
        "filename": "beam\\config\\dev.exs",
        "hashed_secret": "2e705d3289b464962029423983524424bf8f8d82",
        "is_verified": false,
        "line_number": 5
      },
      {
        "type": "Secret Keyword",
        "filename": "beam\\config\\dev.exs",
        "hashed_secret": "42b35b1eef7cedb6d0b04da53bf6fb8ed3b6136f",
        "is_verified": false,
        "line_number": 64
      }
    ],
    "beam\\config\\runtime.exs": [
      {
        "type": "Basic Auth Credentials",
        "filename": "beam\\config\\runtime.exs",
        "hashed_secret": "2e705d3289b464962029423983524424bf8f8d82",
        "is_verified": false,
        "line_number": 148
      }
    ],
    "beam\\config\\test.exs": [
      {
        "type": "Secret Keyword",
        "filename": "beam\\config\\test.exs",
        "hashed_secret": "2e705d3289b464962029423983524424bf8f8d82",
        "is_verified": false,
        "line_number": 5
      },
      {
        "type": "Secret Keyword",
        "filename": "beam\\config\\test.exs",
        "hashed_secret": "43ea37f1075f3341e47386e951ed85bff87cc97c",
        "is_verified": false,
        "line_number": 60
      }
    ],
    "docker-compose.yml": [
      {
        "type": "Secret Keyword",
        "filename": "docker-compose.yml",
        "hashed_secret": "2e705d3289b464962029423983524424bf8f8d82",
        "is_verified": false,
        "line_number": 6
      }
    ],
    "docs\\operations\\SELF_HOSTED_INSTALL.md": [
      {
        "type": "Basic Auth Credentials",
        "filename": "docs\\operations\\SELF_HOSTED_INSTALL.md",
        "hashed_secret": "2e705d3289b464962029423983524424bf8f8d82",
        "is_verified": false,
        "line_number": 108
      }
    ],
    "specs\\002-event-model\\quickstart.md": [
      {
        "type": "Private Key",
        "filename": "specs\\002-event-model\\quickstart.md",
        "hashed_secret": "be4fc4886bd949b369d5e092eb87494f12e57e5b",
        "is_verified": false,
        "line_number": 99
      }
    ],
    "specs\\005-storage-postgres\\TESTING.md": [
      {
        "type": "Secret Keyword",
        "filename": "specs\\005-storage-postgres\\TESTING.md",
        "hashed_secret": "206c80413b9a96c1312cc346b7d2517b84463edd",
        "is_verified": false,
        "line_number": 64
      }
    ],
    "specs\\005-storage-postgres\\quickstart.md": [
      {
        "type": "Basic Auth Credentials",
        "filename": "specs\\005-storage-postgres\\quickstart.md",
        "hashed_secret": "5baa61e4c9b93f3f0682250b6cf8331b7ee68fd8",
        "is_verified": false,
        "line_number": 71
      }
    ],
    "src\\decisiongraph\\domain\\validation.py": [
      {
        "type": "Private Key",
        "filename": "src\\decisiongraph\\domain\\validation.py",
        "hashed_secret": "1348b145fa1a555461c1b790a2f66614781091e9",
        "is_verified": false,
        "line_number": 52
      },
      {
        "type": "Private Key",
        "filename": "src\\decisiongraph\\domain\\validation.py",
        "hashed_secret": "be4fc4886bd949b369d5e092eb87494f12e57e5b",
        "is_verified": false,
        "line_number": 53
      },
      {
        "type": "Private Key",
        "filename": "src\\decisiongraph\\domain\\validation.py",
        "hashed_secret": "f0778f3e140a61d5bbbed5430773e52af2f5fba4",
        "is_verified": false,
        "line_number": 54
      },
      {
        "type": "Private Key",
        "filename": "src\\decisiongraph\\domain\\validation.py",
        "hashed_secret": "27c6929aef41ae2bcadac15ca6abcaff72cda9cd",
        "is_verified": false,
        "line_number": 55
      }
    ],
    "tests\\unit\\test_pii_guard.py": [
      {
        "type": "Private Key",
        "filename": "tests\\unit\\test_pii_guard.py",
        "hashed_secret": "1348b145fa1a555461c1b790a2f66614781091e9",
        "is_verified": false,
        "line_number": 46
      },
      {
        "type": "AWS Access Key",
        "filename": "tests\\unit\\test_pii_guard.py",
        "hashed_secret": "25910f981e85ca04baf359199dd0bd4a3ae738b6",
        "is_verified": false,
        "line_number": 55
      }
    ]
  },
  "generated_at": "2026-03-07T18:14:50Z"
}
